C51 COMPILER V9.01   LCD1602籣础开发縚                                                     05/30/2020 00:14:19 PAGE 1   


C51 COMPILER V9.01, COMPILATION OF MODULE LCD1602籣础开发縚
OBJECT MODULE PLACED IN LCD1602基础开发库.OBJ
COMPILER INVOKED BY: D:\Keli\C51\BIN\C51.EXE LCD1602基础开发库.c BROWSE DEBUG OBJECTEXTEND

line level    source

   1          #include <reg52.h>
   2          typedef unsigned char uchar;
   3          sbit en = P3 ^ 4;
   4          sbit rs = P3 ^ 5;
   5          uchar code table1[] =
   6          {
   7              "SMC1602 0x01..."
   8          };
   9          uchar code table2[] =
  10          {
  11              "      Hugh Dong."
  12          };
  13          void Delay(uchar m)
  14          {
  15   1          uchar i, j;
  16   1          for (i = m; i > 0; --i)
  17   1              for (j = 110; j > 0; --j);
  18   1      }
  19          /* 写数据 */
  20          void write_date(uchar date)
  21          {
  22   1          //参考写操作时序图
  23   1          rs = 1; //RS高电平,写数据
  24   1          P2 = date; //写入数据,对应时序图t_SP2数据建立
  25   1          Delay(5);
  26   1          en = 1; //打开使能,给E一个高脉冲,开始写入数据
  27   1          Delay(5);
  28   1          en = 0; //关闭使能,写入数据完成
  29   1      }
  30          /* 写指令 */
  31          void write_com(uchar com)
  32          {
  33   1          //基本原理同写数据
  34   1          rs = 0; //RS低电平,写指令
  35   1          P2 = com;
  36   1          Delay(5);
  37   1          en = 1;
  38   1          Delay(5);
  39   1          en = 0;
  40   1      }
  41          /* 初始化LCD */
  42          void Init()
  43          {
  44   1          en = 1;
  45   1          write_com(0x38); //00111000 设置16*2显示,5*7点阵,8位数据接口
  46   1          write_com(0x0E); //00001110 开显示,显示光标,不闪烁
  47   1          write_com(0x06); //00000110 读写字符后地址指针+1,光标+1,屏幕不移动
  48   1          write_com(0x01); //清屏
  49   1          write_com(0x80 + 0x01); //设置数据地址指针从第一个开始
  50   1      }
  51          int main()
  52          {
  53   1          /* 初始化LCD */
  54   1          Init();
  55   1          Delay(100);
C51 COMPILER V9.01   LCD1602籣础开发縚                                                     05/30/2020 00:14:19 PAGE 2   

  56   1          /* 初始化中断 */
  57   1          EA = 1;
  58   1          EX0 = 1;
  59   1          EX1 = 1;
  60   1          /* 死循环 */
  61   1          while(1);
  62   1      }
  63          void Display()interrupt 0 using 1
  64          {
  65   1          uchar i;
  66   1          for (i = 0; i < 16; ++i) //遍历逐个写入第一行数据
  67   1          {
  68   2              write_date(table1[i]);
  69   2              Delay(20);
  70   2          }
  71   1          write_com(0x02); //换行
  72   1          write_com(0x80 + 0x40); //数据地址指针指向第二行
  73   1          for(i = 0; i < 16; ++i) //逐个遍历写入第二行数据
  74   1          {
  75   2              write_date(table2[i]);
  76   2              Delay(20);
  77   2          }
  78   1      }
  79          void Clear() interrupt 1 using 1
  80          {
  81   1          write_com(0x01);
  82   1      }


MODULE INFORMATION:   STATIC OVERLAYABLE
   CODE SIZE        =    171    ----
   CONSTANT SIZE    =     33    ----
   XDATA SIZE       =   ----    ----
   PDATA SIZE       =   ----    ----
   DATA SIZE        =   ----    ----
   IDATA SIZE       =   ----    ----
   BIT SIZE         =   ----    ----
END OF MODULE INFORMATION.


C51 COMPILATION COMPLETE.  0 WARNING(S),  0 ERROR(S)
