C51 COMPILER V9.00   5                                                                     09/24/2019 00:26:45 PAGE 1   


C51 COMPILER V9.00, COMPILATION OF MODULE 5
OBJECT MODULE PLACED IN 5.OBJ
COMPILER INVOKED BY: D:\Keil\C51\BIN\C51.EXE 5.c BROWSE DEBUG OBJECTEXTEND

line level    source

   1          /********************************************************************
   2                                          
   3          
   4          程序功能：      让学习板的六位数码管同时显示数字0到5。
   5          
   6          **********************************************************************/
   7          #include <reg51.h>
   8          
   9          sbit dula=P2^6;         //段选信号的锁存器控制
  10          sbit wela=P2^7;         //位选信号的锁存器控制
  11          
  12          unsigned char code wei[]={0xfe,0xfd,0xfb,0xf7,0xef,0xdf};
  13                                                          //数码管各位的码表
  14          unsigned char code duan[]={0x3f,0x06,0x5b,0x4f,0x66,0x6d};
  15                                                          //0-5的码表
  16          void delay(unsigned int i)
  17          {
  18   1              unsigned int m,n;
  19   1              for(m=i;m>0;m--)
  20   1                      for(n=90;n>0;n--);
  21   1      }
  22          
  23          void main()
  24          {
  25   1              unsigned char num;
  26   1              while(1)
  27   1              {
  28   2                      for(num=0;num<6;num++)
  29   2                      {
  30   3                              P0=wei[num];       
  31   3                              wela=1;
  32   3                              wela=0;
  33   3      
  34   3                              P0=duan[num];     
  35   3                              dula=1;
  36   3                              dula=0;
  37   3                              delay(2);        //时间间隔短，这是关键（所谓的同时显示，只是间隔较短而已，利用人眼的余辉效应，觉得每个数码管
             -都一直在亮）。
  38   3                       }
  39   2              }
  40   1      }
  41          


MODULE INFORMATION:   STATIC OVERLAYABLE
   CODE SIZE        =     67    ----
   CONSTANT SIZE    =     12    ----
   XDATA SIZE       =   ----    ----
   PDATA SIZE       =   ----    ----
   DATA SIZE        =   ----    ----
   IDATA SIZE       =   ----    ----
   BIT SIZE         =   ----    ----
END OF MODULE INFORMATION.


C51 COMPILATION COMPLETE.  0 WARNING(S),  0 ERROR(S)
