C51 COMPILER V9.00   JIESHOU                                                               11/26/2019 22:54:49 PAGE 1   


C51 COMPILER V9.00, COMPILATION OF MODULE JIESHOU
OBJECT MODULE PLACED IN jieshou.OBJ
COMPILER INVOKED BY: D:\Keil\C51\BIN\C51.EXE jieshou.c BROWSE DEBUG OBJECTEXTEND

line level    source

   1          /*****************************************************************************
   2          程序功能：              用串口调试助手软件通过串口向单片机发送数据。
   3                                          当发送的数据为1到8时，分别对应点亮相应的发光二极管。
   4                                          发送其他数据，蜂鸣器会响。
   5          ****************************************************************************/
   6          #include <reg52.h>
   7                  
   8          #define uchar  unsigned char 
   9          #define uint   unsigned int
  10          
  11          uchar buf;
  12          
  13          sbit beep=P2^3;
  14          
  15          void main(void) 
  16          {
  17   1          SCON=0x50;           //设定串口工作方式
  18   1          PCON=0x00;           //波特率不倍增
  19   1                              
  20   1          TMOD=0x20;           //定时器1工作于8位自动重载模式, 用于产生波特率
  21   1          EA=1;
  22   1          ES = 1;              //允许串口中断
  23   1          TL1=0xfd;
  24   1          TH1=0xfd;             //波特率9600
  25   1          TR1=1;
  26   1          while(1);        
  27   1      }
  28          /*********************************************************
  29          
  30            串行中断服务函数
  31          
  32          *********************************************************/
  33          void  serial() interrupt 4 
  34          {
  35   1         ES = 0;                //关闭串行中断
  36   1         RI = 0;                //清除串行接受标志位
  37   1         buf = SBUF;            //从串口缓冲区取得数据
  38   1        switch(buf)
  39   1         {
  40   2            case 0x31:  P1=0xfe;beep=1;break;  //接受到1，第一个LED亮         
  41   2            case 0x32:  P1=0xfd;beep=1;break;  //接受到2，第二个LED亮        
  42   2            case 0x33:  P1=0xfb;beep=1;break;  //接受到3，第三个LED亮        
  43   2            case 0x34:  P1=0xf7;beep=1;break;  //接受到4，第四个LED亮       
  44   2            case 0x35:  P1=0xef;beep=1;break;  //接受到5，第五个LED亮            
  45   2            case 0x36:  P1=0xdf;beep=1;break;  //接受到5，第六个LED亮                   
  46   2            case 0x37:  P1=0xbf;beep=1;break;  //接受到5，第七个LED亮
  47   2                case 0x38:  P1=0x7f;beep=1;break;  //接受到5，第八个LED亮
  48   2                default:    beep=0;P1=0x00;break;  //接受到其它数据，蜂鸣器响         
  49   2         }
  50   1         ES = 1;    //允许串口中断
  51   1      }


MODULE INFORMATION:   STATIC OVERLAYABLE
   CODE SIZE        =    161    ----
C51 COMPILER V9.00   JIESHOU                                                               11/26/2019 22:54:49 PAGE 2   

   CONSTANT SIZE    =   ----    ----
   XDATA SIZE       =   ----    ----
   PDATA SIZE       =   ----    ----
   DATA SIZE        =      1    ----
   IDATA SIZE       =   ----    ----
   BIT SIZE         =   ----    ----
END OF MODULE INFORMATION.


C51 COMPILATION COMPLETE.  0 WARNING(S),  0 ERROR(S)
